#-----------------------------------------------------------
# Vivado v2024.1.1 (64-bit)
# SW Build 5094488 on Fri Jun 14 08:59:21 MDT 2024
# IP Build 5091682 on Fri Jun 14 16:55:04 MDT 2024
# SharedData Build 5094118 on Fri Jun 14 01:09:43 MDT 2024
# Start of session at: Wed Nov 27 14:54:39 2024
# Process ID: 27156
# Current directory: C:/xproj/project_9.1A3/project_9.1A3.runs/synth_1
# Command line: vivado.exe -log design_1_wrapper.vds -product Vivado -mode batch -messageDb vivado.pb -notrace -source design_1_wrapper.tcl
# Log file: C:/xproj/project_9.1A3/project_9.1A3.runs/synth_1/design_1_wrapper.vds
# Journal file: C:/xproj/project_9.1A3/project_9.1A3.runs/synth_1\vivado.jou
# Running On        :sgk
# Platform          :Windows Server 2016 or Windows 10
# Operating System  :22631
# Processor Detail  :AMD Ryzen 7 7840HS w/ Radeon 780M Graphics     
# CPU Frequency     :3793 MHz
# CPU Physical cores:8
# CPU Logical cores :16
# Host memory       :66367 MB
# Swap memory       :4160 MB
# Total Virtual     :70528 MB
# Available Virtual :44990 MB
#-----------------------------------------------------------
source design_1_wrapper.tcl -notrace
