Copyright 1986-2022 Xilinx, Inc. All Rights Reserved. Copyright 2022-2024 Advanced Micro Devices, Inc. All Rights Reserved.
---------------------------------------------------------------------------------------------------------------------------------------------
| Tool Version : Vivado v.2024.1.1 (win64) Build 5094488 Fri Jun 14 08:59:21 MDT 2024
| Date         : Sat Nov  9 23:23:05 2024
| Host         : sgk running 64-bit major release  (build 9200)
| Command      : report_clock_utilization -file clock_divider_clock_utilization_routed.rpt
| Design       : clock_divider
| Device       : 7z007s-clg400
| Speed File   : -1  PRODUCTION 1.12 2019-11-22
| Design State : Routed
---------------------------------------------------------------------------------------------------------------------------------------------

Clock Utilization Report

Table of Contents
-----------------
1. Clock Primitive Utilization
2. Global Clock Resources
3. Global Clock Source Details
4. Local Clock Details
5. Clock Regions: Key Resource Utilization
6. Clock Regions : Global Clock Summary
7. Device Cell Placement Summary for Global Clock g0
8. Clock Region Cell Placement per Global Clock: Region X1Y0

1. Clock Primitive Utilization
------------------------------

+----------+------+-----------+-----+--------------+--------+
| Type     | Used | Available | LOC | Clock Region | Pblock |
+----------+------+-----------+-----+--------------+--------+
| BUFGCTRL |    1 |        32 |   0 |            0 |      0 |
| BUFH     |    0 |        48 |   0 |            0 |      0 |
| BUFIO    |    0 |         8 |   0 |            0 |      0 |
| BUFMR    |    0 |         4 |   0 |            0 |      0 |
| BUFR     |    0 |         8 |   0 |            0 |      0 |
| MMCM     |    0 |         2 |   0 |            0 |      0 |
| PLL      |    0 |         2 |   0 |            0 |      0 |
+----------+------+-----------+-----+--------------+--------+


2. Global Clock Resources
-------------------------

+-----------+-----------+-----------------+------------+----------------+--------------+-------------------+-------------+-----------------+--------------+-------+----------------------+---------------+
| Global Id | Source Id | Driver Type/Pin | Constraint | Site           | Clock Region | Load Clock Region | Clock Loads | Non-Clock Loads | Clock Period | Clock | Driver Pin           | Net           |
+-----------+-----------+-----------------+------------+----------------+--------------+-------------------+-------------+-----------------+--------------+-------+----------------------+---------------+
| g0        | src0      | BUFG/O          | None       | BUFGCTRL_X0Y16 | n/a          |                 1 |           1 |               0 |       10.000 | clk   | clk_IBUF_BUFG_inst/O | clk_IBUF_BUFG |
+-----------+-----------+-----------------+------------+----------------+--------------+-------------------+-------------+-----------------+--------------+-------+----------------------+---------------+
* Clock Loads column represents cell count of net connects that connect to a clock pin. Internal cell leaf pins are not considered
** Non-Clock Loads column represents cell count of non-clock pin loads


3. Global Clock Source Details
------------------------------

+-----------+-----------+-----------------+------------+-----------+--------------+-------------+-----------------+---------------------+--------------+-----------------+----------+
| Source Id | Global Id | Driver Type/Pin | Constraint | Site      | Clock Region | Clock Loads | Non-Clock Loads | Source Clock Period | Source Clock | Driver Pin      | Net      |
+-----------+-----------+-----------------+------------+-----------+--------------+-------------+-----------------+---------------------+--------------+-----------------+----------+
| src0      | g0        | IBUF/O          | IOB_X0Y74  | IOB_X0Y74 | X1Y1         |           1 |               0 |              10.000 | clk          | clk_IBUF_inst/O | clk_IBUF |
+-----------+-----------+-----------------+------------+-----------+--------------+-------------+-----------------+---------------------+--------------+-----------------+----------+
* Clock Loads column represents cell count of net connects that connect to a clock pin. Internal cell leaf pins are not considered
** Non-Clock Loads column represents cell count of non-clock pin loads


4. Local Clock Details
----------------------

+----------+-----------------+------------+------------------+--------------+-------------+-----------------+--------------+-------+---------------------------------+---------------------------------+
| Local Id | Driver Type/Pin | Constraint | Site/BEL         | Clock Region | Clock Loads | Non-Clock Loads | Clock Period | Clock | Driver Pin                      | Net                             |
+----------+-----------------+------------+------------------+--------------+-------------+-----------------+--------------+-------+---------------------------------+---------------------------------+
| 0        | FDCE/Q          | None       | SLICE_X41Y34/AFF | X1Y0         |           1 |               1 |              |       | DFF0/Q_reg/Q                    | DFF0/Q_reg_0                    |
| 1        | FDCE/Q          | None       | SLICE_X41Y35/AFF | X1Y0         |           1 |               1 |              |       | FFC[10].DFF_instantiate/Q_reg/Q | FFC[10].DFF_instantiate/Q_reg_0 |
| 2        | FDCE/Q          | None       | SLICE_X40Y35/AFF | X1Y0         |           1 |               1 |              |       | FFC[11].DFF_instantiate/Q_reg/Q | FFC[11].DFF_instantiate/Q_reg_0 |
| 3        | FDCE/Q          | None       | SLICE_X40Y33/AFF | X1Y0         |           1 |               1 |              |       | FFC[12].DFF_instantiate/Q_reg/Q | FFC[12].DFF_instantiate/Q_reg_0 |
| 4        | FDCE/Q          | None       | SLICE_X38Y32/AFF | X1Y0         |           1 |               1 |              |       | FFC[13].DFF_instantiate/Q_reg/Q | FFC[13].DFF_instantiate/Q_reg_0 |
| 5        | FDCE/Q          | None       | SLICE_X39Y32/AFF | X1Y0         |           1 |               1 |              |       | FFC[14].DFF_instantiate/Q_reg/Q | FFC[14].DFF_instantiate/Q_reg_0 |
| 6        | FDCE/Q          | None       | SLICE_X40Y32/AFF | X1Y0         |           1 |               1 |              |       | FFC[15].DFF_instantiate/Q_reg/Q | FFC[15].DFF_instantiate/Q_reg_0 |
| 7        | FDCE/Q          | None       | SLICE_X41Y32/AFF | X1Y0         |           1 |               1 |              |       | FFC[16].DFF_instantiate/Q_reg/Q | FFC[16].DFF_instantiate/Q_reg_0 |
| 8        | FDCE/Q          | None       | SLICE_X41Y31/AFF | X1Y0         |           1 |               1 |              |       | FFC[17].DFF_instantiate/Q_reg/Q | FFC[17].DFF_instantiate/Q_reg_0 |
| 9        | FDCE/Q          | None       | SLICE_X42Y32/AFF | X1Y0         |           1 |               1 |              |       | FFC[18].DFF_instantiate/Q_reg/Q | FFC[18].DFF_instantiate/Q_reg_0 |
| 10       | FDCE/Q          | None       | SLICE_X42Y34/AFF | X1Y0         |           1 |               1 |              |       | FFC[19].DFF_instantiate/Q_reg/Q | FFC[19].DFF_instantiate/Q_reg_0 |
| 11       | FDCE/Q          | None       | SLICE_X40Y34/AFF | X1Y0         |           1 |               1 |              |       | FFC[1].DFF_instantiate/Q_reg/Q  | FFC[1].DFF_instantiate/Q        |
| 12       | FDCE/Q          | None       | SLICE_X43Y34/AFF | X1Y0         |           1 |               1 |              |       | FFC[20].DFF_instantiate/Q_reg/Q | FFC[20].DFF_instantiate/Q_reg_0 |
| 13       | FDCE/Q          | None       | SLICE_X43Y35/AFF | X1Y0         |           1 |               1 |              |       | FFC[21].DFF_instantiate/Q_reg/Q | FFC[21].DFF_instantiate/Q_reg_0 |
| 14       | FDCE/Q          | None       | SLICE_X42Y35/AFF | X1Y0         |           1 |               1 |              |       | FFC[22].DFF_instantiate/Q_reg/Q | FFC[22].DFF_instantiate/Q_reg_0 |
| 15       | FDCE/Q          | None       | SLICE_X42Y36/AFF | X1Y0         |           1 |               1 |              |       | FFC[23].DFF_instantiate/Q_reg/Q | FFC[23].DFF_instantiate/Q_reg_0 |
| 16       | FDCE/Q          | None       | SLICE_X41Y37/AFF | X1Y0         |           1 |               1 |              |       | FFC[24].DFF_instantiate/Q_reg/Q | FFC[24].DFF_instantiate/Q_reg_0 |
| 17       | FDCE/Q          | None       | SLICE_X42Y37/AFF | X1Y0         |           1 |               1 |              |       | FFC[25].DFF_instantiate/Q_reg/Q | FFC[25].DFF_instantiate/Q_reg_0 |
| 18       | FDCE/Q          | None       | SLICE_X39Y33/AFF | X1Y0         |           1 |               1 |              |       | FFC[2].DFF_instantiate/Q_reg/Q  | FFC[2].DFF_instantiate/Q_reg_0  |
| 19       | FDCE/Q          | None       | SLICE_X38Y33/AFF | X1Y0         |           1 |               1 |              |       | FFC[3].DFF_instantiate/Q_reg/Q  | FFC[3].DFF_instantiate/Q_reg_0  |
| 20       | FDCE/Q          | None       | SLICE_X38Y34/AFF | X1Y0         |           1 |               1 |              |       | FFC[4].DFF_instantiate/Q_reg/Q  | FFC[4].DFF_instantiate/Q_reg_0  |
| 21       | FDCE/Q          | None       | SLICE_X39Y34/AFF | X1Y0         |           1 |               1 |              |       | FFC[5].DFF_instantiate/Q_reg/Q  | FFC[5].DFF_instantiate/Q_reg_0  |
| 22       | FDCE/Q          | None       | SLICE_X39Y35/AFF | X1Y0         |           1 |               1 |              |       | FFC[6].DFF_instantiate/Q_reg/Q  | FFC[6].DFF_instantiate/Q_reg_0  |
| 23       | FDCE/Q          | None       | SLICE_X39Y36/AFF | X1Y0         |           1 |               1 |              |       | FFC[7].DFF_instantiate/Q_reg/Q  | FFC[7].DFF_instantiate/Q_reg_0  |
| 24       | FDCE/Q          | None       | SLICE_X40Y36/AFF | X1Y0         |           1 |               1 |              |       | FFC[8].DFF_instantiate/Q_reg/Q  | FFC[8].DFF_instantiate/Q_reg_0  |
| 25       | FDCE/Q          | None       | SLICE_X41Y36/AFF | X1Y0         |           1 |               1 |              |       | FFC[9].DFF_instantiate/Q_reg/Q  | FFC[9].DFF_instantiate/Q_reg_0  |
+----------+-----------------+------------+------------------+--------------+-------------+-----------------+--------------+-------+---------------------------------+---------------------------------+
* Local Clocks in this context represents only clocks driven by non-global buffers
** Clock Loads column represents cell count of net connects that connect to a clock pin. Internal cell leaf pins are not considered
*** Non-Clock Loads column represents cell count of non-clock pin loads


5. Clock Regions: Key Resource Utilization
------------------------------------------

+-------------------+--------------+--------------+--------------+--------------+--------------+--------------+--------------+--------------+--------------+--------------+--------------+--------------+--------------+--------------+--------------+
|                   | Global Clock |     BUFRs    |    BUFMRs    |    BUFIOs    |     MMCM     |      PLL     |      GT      |      PCI     |    ILOGIC    |    OLOGIC    |      FF      |     LUTM     |    RAMB18    |    RAMB36    |    DSP48E2   |
+-------------------+------+-------+------+-------+------+-------+------+-------+------+-------+------+-------+------+-------+------+-------+------+-------+------+-------+------+-------+------+-------+------+-------+------+-------+------+-------+
| Clock Region Name | Used | Avail | Used | Avail | Used | Avail | Used | Avail | Used | Avail | Used | Avail | Used | Avail | Used | Avail | Used | Avail | Used | Avail | Used | Avail | Used | Avail | Used | Avail | Used | Avail | Used | Avail |
+-------------------+------+-------+------+-------+------+-------+------+-------+------+-------+------+-------+------+-------+------+-------+------+-------+------+-------+------+-------+------+-------+------+-------+------+-------+------+-------+
| X0Y0              |    0 |    12 |    0 |     0 |    0 |     0 |    0 |     0 |    0 |     0 |    0 |     0 |    0 |     0 |    0 |     0 |    0 |     0 |    0 |     0 |    0 |  1100 |    0 |   400 |    0 |    20 |    0 |    10 |    0 |    20 |
| X1Y0              |    1 |    12 |    0 |     4 |    0 |     2 |    0 |     4 |    0 |     1 |    0 |     1 |    0 |     0 |    0 |     0 |    0 |    50 |    0 |    50 |   27 |  1100 |   16 |   350 |    0 |    40 |    0 |    20 |    0 |    20 |
| X0Y1              |    0 |    12 |    0 |     0 |    0 |     0 |    0 |     0 |    0 |     0 |    0 |     0 |    0 |     0 |    0 |     0 |    0 |     0 |    0 |     0 |    0 |  1100 |    0 |   400 |    0 |    20 |    0 |    10 |    0 |    20 |
| X1Y1              |    0 |    12 |    0 |     4 |    0 |     2 |    0 |     4 |    0 |     1 |    0 |     1 |    0 |     0 |    0 |     0 |    0 |    50 |    0 |    50 |    0 |  1100 |    0 |   350 |    0 |    40 |    0 |    20 |    0 |    20 |
+-------------------+------+-------+------+-------+------+-------+------+-------+------+-------+------+-------+------+-------+------+-------+------+-------+------+-------+------+-------+------+-------+------+-------+------+-------+------+-------+
* Global Clock column represents track count; while other columns represents cell counts


6. Clock Regions : Global Clock Summary
---------------------------------------

All Modules
+----+----+----+
|    | X0 | X1 |
+----+----+----+
| Y1 |  0 |  0 |
| Y0 |  0 |  0 |
+----+----+----+


7. Device Cell Placement Summary for Global Clock g0
----------------------------------------------------

+-----------+-----------------+-------------------+-------+-------------+---------------+-------------+----------+----------------+----------+---------------+
| Global Id | Driver Type/Pin | Driver Region (D) | Clock | Period (ns) | Waveform (ns) | Slice Loads | IO Loads | Clocking Loads | GT Loads | Net           |
+-----------+-----------------+-------------------+-------+-------------+---------------+-------------+----------+----------------+----------+---------------+
| g0        | BUFG/O          | n/a               | clk   |      10.000 | {0.000 5.000} |           1 |        0 |              0 |        0 | clk_IBUF_BUFG |
+-----------+-----------------+-------------------+-------+-------------+---------------+-------------+----------+----------------+----------+---------------+
* Slice Loads column represents load cell count of all cell types other than IO, GT and clock resources
** IO Loads column represents load cell count of IO types
*** Clocking Loads column represents load cell count that are clock resources (global clock buffer, MMCM, PLL, etc)
**** GT Loads column represents load cell count of GT types


+----+----+----+-----------------------+
|    | X0 | X1 | HORIZONTAL PROG DELAY |
+----+----+----+-----------------------+
| Y1 |  0 |  0 |                     - |
| Y0 |  0 |  1 |                     0 |
+----+----+----+-----------------------+


8. Clock Region Cell Placement per Global Clock: Region X1Y0
------------------------------------------------------------

+-----------+-------+-----------------+------------+-------------+-----------------+----+-------------+------+-----+----+------+-----+---------+---------------+
| Global Id | Track | Driver Type/Pin | Constraint | Clock Loads | Non-Clock Loads | FF | Memory LUTs | RAMB | DSP | GT | MMCM | PLL | Hard IP | Net           |
+-----------+-------+-----------------+------------+-------------+-----------------+----+-------------+------+-----+----+------+-----+---------+---------------+
| g0        | n/a   | BUFG/O          | None       |           1 |               0 |  1 |           0 |    0 |   0 |  0 |    0 |   0 |       0 | clk_IBUF_BUFG |
+-----------+-------+-----------------+------------+-------------+-----------------+----+-------------+------+-----+----+------+-----+---------+---------------+
* Clock Loads column represents cell count of net connects that connect to a clock pin. Internal cell leaf pins are not considered
** Non-Clock Loads column represents cell count of non-clock pin loads
*** Columns FF, LUTRAM, RAMB through 'Hard IP' represents load cell counts



# Location of BUFG Primitives 
set_property LOC BUFGCTRL_X0Y16 [get_cells clk_IBUF_BUFG_inst]

# Location of IO Primitives which is load of clock spine

# Location of clock ports
set_property LOC IOB_X0Y74 [get_ports clk]

# Clock net "clk_IBUF_BUFG" driven by instance "clk_IBUF_BUFG_inst" located at site "BUFGCTRL_X0Y16"
#startgroup
create_pblock {CLKAG_clk_IBUF_BUFG}
add_cells_to_pblock [get_pblocks  {CLKAG_clk_IBUF_BUFG}] [get_cells -filter { PRIMITIVE_GROUP != I/O && IS_PRIMITIVE==1 && PRIMITIVE_LEVEL !=INTERNAL } -of_object [get_pins -filter {DIRECTION==IN} -of_objects [get_nets -hierarchical -filter {PARENT=="clk_IBUF_BUFG"}]]]
resize_pblock [get_pblocks {CLKAG_clk_IBUF_BUFG}] -add {CLOCKREGION_X1Y0:CLOCKREGION_X1Y0}
#endgroup
