#-----------------------------------------------------------
# Vivado v2024.1.1 (64-bit)
# SW Build 5094488 on Fri Jun 14 08:59:21 MDT 2024
# IP Build 5091682 on Fri Jun 14 16:55:04 MDT 2024
# SharedData Build 5094118 on Fri Jun 14 01:09:43 MDT 2024
# Start of session at: Thu Oct  3 19:17:11 2024
# Process ID: 34476
# Current directory: C:/xproj/project_5.1/project_5.1.runs/impl_1
# Command line: vivado.exe -log Wrapper.vdi -applog -product Vivado -messageDb vivado.pb -mode batch -source Wrapper.tcl -notrace
# Log file: C:/xproj/project_5.1/project_5.1.runs/impl_1/Wrapper.vdi
# Journal file: C:/xproj/project_5.1/project_5.1.runs/impl_1\vivado.jou
# Running On        :sgk
# Platform          :Windows Server 2016 or Windows 10
# Operating System  :22631
# Processor Detail  :AMD Ryzen 7 7840HS w/ Radeon 780M Graphics     
# CPU Frequency     :3793 MHz
# CPU Physical cores:8
# CPU Logical cores :16
# Host memory       :66367 MB
# Swap memory       :4160 MB
# Total Virtual     :70528 MB
# Available Virtual :46260 MB
#-----------------------------------------------------------
source Wrapper.tcl -notrace
