#-----------------------------------------------------------
# Vivado v2024.1.1 (64-bit)
# SW Build 5094488 on Fri Jun 14 08:59:21 MDT 2024
# IP Build 5091682 on Fri Jun 14 16:55:04 MDT 2024
# SharedData Build 5094118 on Fri Jun 14 01:09:43 MDT 2024
# Start of session at: Sat Sep 28 17:46:00 2024
# Process ID: 3448
# Current directory: C:/xproj/project_4.5/project_4.5.runs/synth_1
# Command line: vivado.exe -log source.vds -product Vivado -mode batch -messageDb vivado.pb -notrace -source source.tcl
# Log file: C:/xproj/project_4.5/project_4.5.runs/synth_1/source.vds
# Journal file: C:/xproj/project_4.5/project_4.5.runs/synth_1\vivado.jou
# Running On        :sgk
# Platform          :Windows Server 2016 or Windows 10
# Operating System  :22631
# Processor Detail  :AMD Ryzen 7 7840HS w/ Radeon 780M Graphics     
# CPU Frequency     :3793 MHz
# CPU Physical cores:8
# CPU Logical cores :16
# Host memory       :66367 MB
# Swap memory       :4160 MB
# Total Virtual     :70528 MB
# Available Virtual :42564 MB
#-----------------------------------------------------------
source source.tcl -notrace
